// Jest Snapshot v1, https://goo.gl/fbAQLP

exports[`LoginScreen renders template and form (snapshot) 1`] = `
<View
  style={
    [
      {
        "flex": 1,
      },
      {
        "backgroundColor": "#FFFFFF",
      },
    ]
  }
>
  <View
    style={
      [
        {
          "alignItems": "center",
          "flex": 1,
          "justifyContent": "center",
          "paddingHorizontal": 20,
        },
        {
          "backgroundColor": "#FFFFFF",
        },
      ]
    }
  >
    <View
      style={
        {
          "borderRadius": 16,
          "gap": 8,
          "padding": 20,
          "width": "100%",
        }
      }
    >
      <Text
        style={
          [
            {
              "color": "#111827",
              "fontSize": 24,
              "fontWeight": "700",
            },
            undefined,
          ]
        }
      >
        Masuk
      </Text>
      <View
        style={
          {
            "height": 24,
            "width": 24,
          }
        }
      />
      <Text
        style={
          [
            {
              "color": "#6B7280",
              "fontSize": 14,
              "fontWeight": "400",
            },
            undefined,
          ]
        }
      >
        Masuk untuk melanjutkan
      </Text>
      <View
        style={
          {
            "height": 20,
            "width": 20,
          }
        }
      />
      <View
        style={
          {
            "width": "100%",
          }
        }
      >
        <View
          style={
            {
              "width": "100%",
            }
          }
        >
          <Text
            style={
              [
                {
                  "color": "#6B7280",
                  "fontSize": 14,
                  "fontWeight": "400",
                },
                undefined,
              ]
            }
          >
            Email
          </Text>
          <View
            style={
              {
                "height": 8,
                "width": 8,
              }
            }
          />
          <View
            style={
              [
                {
                  "borderRadius": 12,
                  "borderWidth": 1,
                  "paddingHorizontal": 14,
                },
                {
                  "backgroundColor": "#1118270D",
                  "borderColor": "#E5E7EB",
                },
                false,
                false,
              ]
            }
          >
            <TextInput
              autoCapitalize="none"
              keyboardType="email-address"
              onBlur={[Function]}
              onChangeText={[Function]}
              onFocus={[Function]}
              placeholder="nama@email.com"
              placeholderTextColor="#6B7280"
              style={
                [
                  {
                    "height": 48,
                  },
                  {
                    "color": "#111827",
                  },
                  undefined,
                ]
              }
              value=""
            />
          </View>
        </View>
        <View
          style={
            {
              "height": 20,
              "width": 20,
            }
          }
        />
        <View
          style={
            {
              "width": "100%",
            }
          }
        >
          <Text
            style={
              [
                {
                  "color": "#6B7280",
                  "fontSize": 14,
                  "fontWeight": "400",
                },
                undefined,
              ]
            }
          >
            Password
          </Text>
          <View
            style={
              {
                "height": 8,
                "width": 8,
              }
            }
          />
          <View
            style={
              [
                {
                  "borderRadius": 12,
                  "borderWidth": 1,
                  "paddingHorizontal": 14,
                },
                {
                  "backgroundColor": "#1118270D",
                  "borderColor": "#E5E7EB",
                },
                false,
                false,
              ]
            }
          >
            <TextInput
              autoCapitalize="none"
              keyboardType="default"
              onBlur={[Function]}
              onChangeText={[Function]}
              onFocus={[Function]}
              placeholder="••••••"
              placeholderTextColor="#6B7280"
              secureTextEntry={true}
              style={
                [
                  {
                    "height": 48,
                  },
                  {
                    "color": "#111827",
                  },
                  undefined,
                ]
              }
              value=""
            />
          </View>
        </View>
        <View
          style={
            {
              "height": 24,
              "width": 24,
            }
          }
        />
        <View
          accessibilityRole="button"
          accessibilityState={
            {
              "busy": undefined,
              "checked": undefined,
              "disabled": true,
              "expanded": undefined,
              "selected": undefined,
            }
          }
          accessibilityValue={
            {
              "max": undefined,
              "min": undefined,
              "now": undefined,
              "text": undefined,
            }
          }
          accessible={true}
          collapsable={false}
          focusable={true}
          onBlur={[Function]}
          onClick={[Function]}
          onFocus={[Function]}
          onResponderGrant={[Function]}
          onResponderMove={[Function]}
          onResponderRelease={[Function]}
          onResponderTerminate={[Function]}
          onResponderTerminationRequest={[Function]}
          onStartShouldSetResponder={[Function]}
          style={
            [
              {
                "alignItems": "center",
                "backgroundColor": "#4F46E5",
                "borderRadius": 12,
                "paddingVertical": 14,
              },
              {
                "opacity": 0.6,
              },
              undefined,
            ]
          }
        >
          <View
            style={
              {
                "alignItems": "center",
                "flexDirection": "row",
              }
            }
          >
            <Text
              style={
                [
                  {
                    "color": "#FFFFFF",
                    "fontSize": 16,
                    "fontWeight": "700",
                  },
                  undefined,
                ]
              }
            >
              Masuk
            </Text>
          </View>
        </View>
      </View>
    </View>
  </View>
</View>
`;
