// Jest Snapshot v1, https://goo.gl/fbAQLP

exports[`LoadingOverlay atom matches snapshot 1`] = `
<View
  style={
    {
      "alignItems": "center",
      "backgroundColor": "rgba(0,0,0,0.2)",
      "bottom": 0,
      "justifyContent": "center",
      "left": 0,
      "position": "absolute",
      "right": 0,
      "top": 0,
    }
  }
>
  <ActivityIndicator
    color="#fff"
  />
</View>
`;
